// Jest Snapshot v1, https://goo.gl/fbAQLP

exports[`Home should render 1`] = `
<Home>
  <div>
    <h1>
      Home
    </h1>
  </div>
</Home>
`;
