// Jest Snapshot v1, https://goo.gl/fbAQLP

exports[`App should render 1`] = `
<App>
  <div>
    react-app-boilerplate
  </div>
</App>
`;
