// Jest Snapshot v1, https://goo.gl/fbAQLP

exports[`LazyRoute should render 1`] = `
<LazyRoute
  getComponent={[Function]}
>
  <Route
    render={[Function]}
  >
    <Lazy
      getComponent={[Function]}
      history={
        Object {
          "action": "POP",
          "block": [Function],
          "canGo": [Function],
          "createHref": [Function],
          "entries": Array [
            Object {
              "hash": "",
              "key": "oucuam",
              "pathname": "/",
              "search": "",
              "state": undefined,
            },
          ],
          "go": [Function],
          "goBack": [Function],
          "goForward": [Function],
          "index": 0,
          "length": 1,
          "listen": [Function],
          "location": Object {
            "hash": "",
            "key": "oucuam",
            "pathname": "/",
            "search": "",
            "state": undefined,
          },
          "push": [Function],
          "replace": [Function],
        }
      }
      loadingComponent={null}
      location={
        Object {
          "hash": "",
          "key": "oucuam",
          "pathname": "/",
          "search": "",
          "state": undefined,
        }
      }
      match={
        Object {
          "isExact": true,
          "params": Object {},
          "path": "/",
          "url": "/",
        }
      }
    />
  </Route>
</LazyRoute>
`;
